0.000000   0.000000
0.067725   0.040000
0.151469   0.080000
0.253082   0.120000
0.376396   0.160000
0.529015   0.200000
0.727709   0.240000
1.026491   0.280000
2.924221   0.320000
