0.000000   0.000000
0.162252   0.040000
0.331300   0.080000
0.511336   0.120000
0.708642   0.160000
0.933889   0.200000
1.209062   0.240000
1.603572   0.280000
4.555321   0.320000
