0.000000   0.000000
0.002153   0.050000
0.008677   0.100000
0.019938   0.150000
0.036345   0.200000
0.058348   0.250000
0.086453   0.300000
0.121225   0.350000
0.163300   0.400000
0.213400   0.450000
0.272340   0.500000
0.341048   0.550000
0.420587   0.600000
0.512172   0.650000
0.617196   0.700000
0.737263   0.750000
0.874213   0.800000
1.030163   0.850000
1.207542   0.900000
1.409129   0.950000
1.638086   1.000000
1.897998   1.050000
2.192893   1.100000
2.527266   1.150000
2.906087   1.200000
3.334808   1.250000
3.819371   1.300000
4.366245   1.350000
4.982498   1.400000
5.675972   1.450000
6.455595   1.500000
7.331948   1.550000
8.318227   1.600000
9.431912   1.650000
10.697775   1.700000
12.153730   1.750000
13.863707   1.800000
15.951770   1.850000
18.729903   1.900000
24.008165   1.950000
