0.000000   0.000000
-0.277371   0.050000
-0.565876   0.100000
-0.866432   0.150000
-1.180066   0.200000
-1.507937   0.250000
-1.851349   0.300000
-2.211772   0.350000
-2.590870   0.400000
-2.990516   0.450000
-3.412831   0.500000
-3.860203   0.550000
-4.335325   0.600000
-4.841222   0.650000
-5.381278   0.700000
-5.959263   0.750000
-6.579340   0.800000
-7.246076   0.850000
-7.964416   0.900000
-8.739639   0.950000
-9.577278   1.000000
-10.483004   1.050000
-11.462465   1.100000
-12.521090   1.150000
-13.663871   1.200000
-14.895143   1.250000
-16.218399   1.300000
-17.636188   1.350000
-19.150130   1.400000
-20.761114   1.450000
-22.469712   1.500000
-24.276860   1.550000
-26.184910   1.600000
-28.199224   1.650000
-30.330763   1.700000
-32.600777   1.750000
-35.050747   1.800000
-37.768368   1.850000
-40.984880   1.900000
-46.073690   1.950000
