0.000000   0.000000
0.057735   0.172057
0.115863   0.342802
0.174440   0.512061
0.233533   0.679616
0.293230   0.845193
0.353646   1.008433
0.414933   1.168863
0.477306   1.325818
0.541078   1.478335
0.606742   1.624898
0.675149   1.762884
0.748007   1.886918
0.829835   1.981775
0.945809   1.918499
1.003707   0.550518
1.019984   0.265830
1.052293   0.087319
1.108628   0.003087
1.268255   0.138216
1.347416   0.280690
1.418545   0.430116
1.485770   0.584785
1.550567   0.743459
1.613669   0.905308
1.675506   1.069750
1.736351   1.236360
1.796396   1.404819
1.855776   1.574876
1.914593   1.746334
1.972928   1.919031
