0.000000   0.000000
0.118322   0.001690
0.236904   0.003377
0.355760   0.005060
0.474900   0.006738
0.594339   0.008413
0.714092   0.010083
0.834173   0.011748
0.954600   0.013373
1.075410   0.015029
1.196605   0.016679
1.318208   0.018324
1.440242   0.019963
1.562735   0.021595
1.685716   0.023184
1.809241   0.024803
1.933324   0.026415
2.058006   0.028019
2.183332   0.029615
2.309355   0.031159
2.436168   0.032736
2.563806   0.034303
2.692348   0.035859
2.821883   0.037355
2.952570   0.038886
3.084489   0.040402
3.217794   0.041854
3.352737   0.043336
3.489493   0.044798
3.628354   0.046170
3.769838   0.047583
3.914344   0.048902
4.062759   0.050250
4.215995   0.051459
4.376077   0.052640
4.545965   0.053723
4.732058   0.054652
4.952646   0.055263
5.362172   0.053456
5.480827   0.050880
5.557564   0.046502
