0.000000   0.000000
0.033806   0.001690
0.068059   0.003377
0.102779   0.005060
0.137985   0.006738
0.173700   0.008413
0.209947   0.010083
0.246751   0.011748
0.285940   0.013373
0.323974   0.015029
0.362658   0.016679
0.402025   0.018324
0.442116   0.019963
0.482971   0.021595
0.526507   0.023184
0.569076   0.024803
0.612568   0.026415
0.657046   0.028019
0.702581   0.029615
0.751401   0.031159
0.799358   0.032736
0.848650   0.034303
0.899396   0.035859
0.954110   0.037355
1.008278   0.038886
1.064394   0.040402
1.125112   0.041854
1.185951   0.043336
1.249583   0.044798
1.319878   0.046170
1.390682   0.047583
1.469244   0.048902
1.550281   0.050250
1.643059   0.051459
1.744064   0.052640
1.859793   0.053723
1.999481   0.054652
2.189488   0.055263
2.689373   0.053456
2.936846   0.050880
3.232469   0.046502
